▿ gregorian (fixed)
  - identifier: Identifier.gregorian
  - kind: "fixed"
  ▿ locale: Optional<Locale>
    ▿ some:  (fixed)
      - identifier: ""
      - kind: "fixed"
  ▿ timeZone: GMT+0001 (fixed)
    - identifier: "GMT+0001"
    - kind: "fixed"
    ▿ abbreviation: Optional<String>
      - some: "GMT+0:01"
    - secondsFromGMT: 60
    - isDaylightSavingTime: false
  - firstWeekday: 1
  - minimumDaysInFirstWeek: 1
