▿ gregorian (fixed)
  - identifier: Identifier.gregorian
  - kind: "fixed"
  ▿ locale: Optional<Locale>
    ▿ some:  (fixed)
      - identifier: ""
      - kind: "fixed"
  ▿ timeZone: GMT (fixed)
    - identifier: "GMT"
    - kind: "fixed"
    ▿ abbreviation: Optional<String>
      - some: "GMT"
    - secondsFromGMT: 0
    - isDaylightSavingTime: false
  - firstWeekday: 1
  - minimumDaysInFirstWeek: 1
